// Jest Snapshot v1, https://goo.gl/fbAQLP

exports[`ClickerScreen Visual Regression matches snapshot after incrementing counter 1`] = `
<View
  edges={
    [
      "top",
      "bottom",
    ]
  }
  style={
    {
      "backgroundColor": "#F5F5F5",
      "flex": 1,
    }
  }
>
  <View
    style={
      {
        "flex": 1,
        "padding": 16,
      }
    }
  >
    <View
      style={
        {
          "alignItems": "center",
          "paddingVertical": 20,
        }
      }
    >
      <Text
        style={
          {
            "color": "#000000",
            "fontSize": 24,
            "fontWeight": "600",
            "textAlign": "center",
          }
        }
      >
        Singularity Pet Count: 
        1
      </Text>
    </View>
    <View
      style={
        {
          "alignItems": "center",
          "flex": 1,
          "justifyContent": "center",
        }
      }
    >
      <View
        accessibilityHint="Tap to feed and increase the pet count by 1"
        accessibilityLabel="Feed the Singularity Pet"
        accessibilityRole="button"
        accessibilityState={
          {
            "busy": undefined,
            "checked": undefined,
            "disabled": undefined,
            "expanded": undefined,
            "selected": undefined,
          }
        }
        accessibilityValue={
          {
            "max": undefined,
            "min": undefined,
            "now": undefined,
            "text": undefined,
          }
        }
        accessible={true}
        collapsable={false}
        focusable={true}
        onBlur={[Function]}
        onClick={[Function]}
        onFocus={[Function]}
        onResponderGrant={[Function]}
        onResponderMove={[Function]}
        onResponderRelease={[Function]}
        onResponderTerminate={[Function]}
        onResponderTerminationRequest={[Function]}
        onStartShouldSetResponder={[Function]}
        style={
          [
            {
              "alignItems": "center",
              "backgroundColor": "#007AFF",
              "borderRadius": 12,
              "elevation": 5,
              "justifyContent": "center",
              "minHeight": 80,
              "minWidth": 200,
              "paddingHorizontal": 32,
              "paddingVertical": 20,
              "shadowColor": "#000",
              "shadowOffset": {
                "height": 2,
                "width": 0,
              },
              "shadowOpacity": 0.25,
              "shadowRadius": 3.84,
            },
            false,
          ]
        }
      >
        <Text
          style={
            {
              "color": "#FFFFFF",
              "fontSize": 32,
              "fontWeight": "bold",
            }
          }
        >
          feed
        </Text>
      </View>
    </View>
    <View
      style={
        {
          "alignItems": "center",
          "paddingVertical": 20,
        }
      }
    >
      <View
        accessibilityLabel="Navigate to shop"
        accessibilityRole="button"
        accessibilityState={
          {
            "busy": undefined,
            "checked": undefined,
            "disabled": undefined,
            "expanded": undefined,
            "selected": undefined,
          }
        }
        accessibilityValue={
          {
            "max": undefined,
            "min": undefined,
            "now": undefined,
            "text": undefined,
          }
        }
        accessible={true}
        collapsable={false}
        focusable={true}
        onBlur={[Function]}
        onClick={[Function]}
        onFocus={[Function]}
        onResponderGrant={[Function]}
        onResponderMove={[Function]}
        onResponderRelease={[Function]}
        onResponderTerminate={[Function]}
        onResponderTerminationRequest={[Function]}
        onStartShouldSetResponder={[Function]}
        style={
          [
            {
              "alignItems": "center",
              "backgroundColor": "#34C759",
              "borderRadius": 8,
              "justifyContent": "center",
              "minHeight": 44,
              "minWidth": 120,
              "paddingHorizontal": 24,
              "paddingVertical": 12,
            },
            false,
          ]
        }
      >
        <Text
          style={
            {
              "color": "#FFFFFF",
              "fontSize": 18,
              "fontWeight": "600",
            }
          }
        >
          Shop
        </Text>
      </View>
    </View>
  </View>
</View>
`;

exports[`ClickerScreen Visual Regression matches snapshot on initial render 1`] = `
<View
  edges={
    [
      "top",
      "bottom",
    ]
  }
  style={
    {
      "backgroundColor": "#F5F5F5",
      "flex": 1,
    }
  }
>
  <View
    style={
      {
        "flex": 1,
        "padding": 16,
      }
    }
  >
    <View
      style={
        {
          "alignItems": "center",
          "paddingVertical": 20,
        }
      }
    >
      <Text
        style={
          {
            "color": "#000000",
            "fontSize": 24,
            "fontWeight": "600",
            "textAlign": "center",
          }
        }
      >
        Singularity Pet Count: 
        0
      </Text>
    </View>
    <View
      style={
        {
          "alignItems": "center",
          "flex": 1,
          "justifyContent": "center",
        }
      }
    >
      <View
        accessibilityHint="Tap to feed and increase the pet count by 1"
        accessibilityLabel="Feed the Singularity Pet"
        accessibilityRole="button"
        accessibilityState={
          {
            "busy": undefined,
            "checked": undefined,
            "disabled": undefined,
            "expanded": undefined,
            "selected": undefined,
          }
        }
        accessibilityValue={
          {
            "max": undefined,
            "min": undefined,
            "now": undefined,
            "text": undefined,
          }
        }
        accessible={true}
        collapsable={false}
        focusable={true}
        onBlur={[Function]}
        onClick={[Function]}
        onFocus={[Function]}
        onResponderGrant={[Function]}
        onResponderMove={[Function]}
        onResponderRelease={[Function]}
        onResponderTerminate={[Function]}
        onResponderTerminationRequest={[Function]}
        onStartShouldSetResponder={[Function]}
        style={
          [
            {
              "alignItems": "center",
              "backgroundColor": "#007AFF",
              "borderRadius": 12,
              "elevation": 5,
              "justifyContent": "center",
              "minHeight": 80,
              "minWidth": 200,
              "paddingHorizontal": 32,
              "paddingVertical": 20,
              "shadowColor": "#000",
              "shadowOffset": {
                "height": 2,
                "width": 0,
              },
              "shadowOpacity": 0.25,
              "shadowRadius": 3.84,
            },
            false,
          ]
        }
      >
        <Text
          style={
            {
              "color": "#FFFFFF",
              "fontSize": 32,
              "fontWeight": "bold",
            }
          }
        >
          feed
        </Text>
      </View>
    </View>
    <View
      style={
        {
          "alignItems": "center",
          "paddingVertical": 20,
        }
      }
    >
      <View
        accessibilityLabel="Navigate to shop"
        accessibilityRole="button"
        accessibilityState={
          {
            "busy": undefined,
            "checked": undefined,
            "disabled": undefined,
            "expanded": undefined,
            "selected": undefined,
          }
        }
        accessibilityValue={
          {
            "max": undefined,
            "min": undefined,
            "now": undefined,
            "text": undefined,
          }
        }
        accessible={true}
        collapsable={false}
        focusable={true}
        onBlur={[Function]}
        onClick={[Function]}
        onFocus={[Function]}
        onResponderGrant={[Function]}
        onResponderMove={[Function]}
        onResponderRelease={[Function]}
        onResponderTerminate={[Function]}
        onResponderTerminationRequest={[Function]}
        onStartShouldSetResponder={[Function]}
        style={
          [
            {
              "alignItems": "center",
              "backgroundColor": "#34C759",
              "borderRadius": 8,
              "justifyContent": "center",
              "minHeight": 44,
              "minWidth": 120,
              "paddingHorizontal": 24,
              "paddingVertical": 12,
            },
            false,
          ]
        }
      >
        <Text
          style={
            {
              "color": "#FFFFFF",
              "fontSize": 18,
              "fontWeight": "600",
            }
          }
        >
          Shop
        </Text>
      </View>
    </View>
  </View>
</View>
`;
